exports[`FormTextarea component snapshot renders correctly 1`] = `
<div
  className="wrap">
  <div
    className="label">
    <label
      className="label"
      htmlFor="loremIpsum">
      Lorem Ipsum
    </label>
  </div>
  <textarea
    className="input"
    id="loremIpsum"
    name="loremIpsum"
    onChange={[Function]}
    placeholder="Lorem Ipsum Dolor Sit Amet"
    rows="10"
    style={
      Object {
        "resize": "none",
      }
    }
    value="Dolor sit amet" />
</div>
`;
