// Jest Snapshot v1, https://goo.gl/fbAQLP

exports[`MetadataActions postMetadataForm should create a "POST_METADATA_FORM" action 1`] = `
Array [
  Object {
    "type": "POST_METADATA_FORM",
  },
  Object {
    "autoHide": false,
    "category": "ERROR",
    "content": undefined,
    "id": 0,
    "type": "SHOW_NOTIFICATION",
  },
]
`;
