// Jest Snapshot v1, https://goo.gl/fbAQLP

exports[`metadata module should handle "updateMetadata" action 1`] = `
Object {
  "isFetching": false,
  "metadata": Object {
    "date": "",
    "hivPositive": "",
    "labId": "",
    "location": "GB",
    "lorem": "ipsum",
    "patientHistory": "",
    "patientId": "",
    "responsiblePersonData": "",
    "responsiblePersonId": "",
    "sampleId": "",
    "sampleType": "",
    "sequencingMachine": "",
    "shareSequence": true,
    "susceptibility": Object {},
    "treatedForTB": "",
  },
}
`;
