// Jest Snapshot v1, https://goo.gl/fbAQLP

exports[`AnalyserLocalFile should analyse and render a json file 1`] = `
<div
  className="container"
>
  <div
    className="panelContainer"
    style={undefined}
  >
    <div
      className="panelContent"
    >
      <div
        className="panelTitle"
      >
        First line drugs
      </div>
      <div
        className="panelChildrenContainer"
      >
        <div
          className="drugs"
        >
          <div>
            Isoniazid
             
            <div
              className="susceptible"
            >
              Susceptible
            </div>
          </div>
          <div>
            Rifampicin
             
            <div
              className="resistant"
            >
              Resistant
            </div>
          </div>
          <div>
            Ethambutol
             
            <div
              className="resistant"
            >
              Resistant
            </div>
          </div>
          <div>
            Pyrazinamide
             
            <div
              className="susceptible"
            >
              Susceptible
            </div>
          </div>
        </div>
      </div>
    </div>
  </div>
  <div
    className="panelContainer"
    style={undefined}
  >
    <div
      className="panelContent"
    >
      <div
        className="panelTitle"
      >
        Second line drugs
      </div>
      <div
        className="panelChildrenContainer"
      >
        <div
          className="drugs"
        >
          <div>
            Quinolones
             
            <div
              className="resistant"
            >
              Resistant
            </div>
          </div>
          <div>
            Streptomycin
             
            <div
              className="susceptible"
            >
              Susceptible
            </div>
          </div>
          <div>
            Amikacin
             
            <div
              className="susceptible"
            >
              Susceptible
            </div>
          </div>
          <div>
            Capreomycin
             
            <div
              className="susceptible"
            >
              Susceptible
            </div>
          </div>
          <div>
            Kanamycin
             
            <div
              className="susceptible"
            >
              Susceptible
            </div>
          </div>
        </div>
      </div>
    </div>
  </div>
</div>
`;
