exports[`Metadata component snapshot renders correctly 1`] = `
<div
  className="container">
  <div
    className="uploadingMessage">
    <h2
      className="uploadingMessageTitle">
      Your sample is uploading
    </h2>
    <p
      className="uploadingMessageText">
      To help Atlas provide more accurate results, please provide any available metadata
    </p>
  </div>
  <div
    className="formContainer">
    <div
      className="formHeader">
      <div
        className="formHeaderTitle">
        Metadata
      </div>
      <div
        className="formHeaderActions">
        <div
          className="formHeaderAction">
          Edit
        </div>
      </div>
    </div>
    < />
  </div>
</div>
`;
